// Jest Snapshot v1, https://goo.gl/fbAQLP

exports[`Components > JusFinancialCard renders correctly 1`] = `
<el-card
  class="jus-financial-card"
  shadow="hover"
>
  <div
    class="jus-financial-card__actions"
  />
   
  <span
    class="jus-financial-card__title"
  >
    
    
  
  </span>
   
  <span
    class="jus-financial-card__cash"
  >
    
    R$ 00,00
  
  </span>
</el-card>
`;
